﻿
> auction-client@2.0.2 build
> vite build

[36mvite v6.4.1 [32mbuilding for production...[36m[39m
transforming...
[32mΓ£ô[39m 91 modules transformed.
node.exe : 
[31mΓ£ù[39m Build 
failed in 1.07s
At C:\Program Files\nod
ejs\npm.ps1:29 char:3
+   & $NODE_EXE 
$NPM_CLI_JS $args
+   ~~~~~~~~~~~~~~~~~~~
~~~~~~~~~~
    + CategoryInfo     
         : NotSpecifi  
  ed: ([31mΓ£ù[39m   
  Build failed in 1    
.07s:String) [], R    
emoteException
    + FullyQualifiedEr 
   rorId : NativeComm  
  andError
 
[31merror during 
build:
[31m[vite]: Rollup 
failed to resolve 
import 
"react-router-dom" 
from "C:/Users/dipti/On
eDrive/Desktop/Auction 
World 1/frontend/src/pa
ges/PublicProfile.jsx".
This is most likely 
unintended because it 
can break your 
application at runtime.
If you do want to 
externalize this 
module explicitly add 
it to
`build.rollupOptions.ex
ternal`[31m
    at viteLog (file://
/C:/Users/dipti/OneDriv
e/Desktop/Auction%20Wor
ld%201/frontend/node_mo
dules/vite/dist/node/ch
unks/dep-D4NMHUTW.js:46
374:15)
    at file:///C:/Users
/dipti/OneDrive/Desktop
/Auction%20World%201/fr
ontend/node_modules/vit
e/dist/node/chunks/dep-
D4NMHUTW.js:46432:18
    at onwarn (file:///
C:/Users/dipti/OneDrive
/Desktop/Auction%20Worl
d%201/frontend/node_mod
ules/@vitejs/plugin-rea
ct/dist/index.mjs:104:9
)
    at file:///C:/Users
/dipti/OneDrive/Desktop
/Auction%20World%201/fr
ontend/node_modules/vit
e/dist/node/chunks/dep-
D4NMHUTW.js:46430:7
    at onRollupLog (fil
e:///C:/Users/dipti/One
Drive/Desktop/Auction%2
0World%201/frontend/nod
e_modules/vite/dist/nod
e/chunks/dep-D4NMHUTW.j
s:46422:5)
    at onLog (file:///C
:/Users/dipti/OneDrive/
Desktop/Auction%20World
%201/frontend/node_modu
les/vite/dist/node/chun
ks/dep-D4NMHUTW.js:4607
2:7)
    at file:///C:/Users
/dipti/OneDrive/Desktop
/Auction%20World%201/fr
ontend/node_modules/rol
lup/dist/es/shared/node
-entry.js:20981:32
    at Object.logger 
[as onLog] (file:///C:/
Users/dipti/OneDrive/De
sktop/Auction%20World%2
01/frontend/node_module
s/rollup/dist/es/shared
/node-entry.js:22968:9)
    at ModuleLoader.han
dleInvalidResolvedId (f
ile:///C:/Users/dipti/O
neDrive/Desktop/Auction
%20World%201/frontend/n
ode_modules/rollup/dist
/es/shared/node-entry.j
s:21712:26)
    at file:///C:/Users
/dipti/OneDrive/Desktop
/Auction%20World%201/fr
ontend/node_modules/rol
lup/dist/es/shared/node
-entry.js:21670:26[39m
